// Jest Snapshot v1, https://goo.gl/fbAQLP

exports[`Pruebas de GitItem debe de hacer match con el snapshot 1`] = `
<div>
  <div
    class="card"
  >
    <img
      alt="Saitma"
      src="https://one-punch.com/saitama.jpg"
    />
    <p>
      Saitma
    </p>
  </div>
</div>
`;
